============================= test session starts =============================
platform win32 -- Python 3.13.5, pytest-9.0.2, pluggy-1.6.0 -- C:\Users\Dell\Downloads\Accesslens\backend\venv\Scripts\python.exe
cachedir: .pytest_cache
rootdir: C:\Users\Dell\Downloads\Accesslens\backend
configfile: pytest.ini
plugins: anyio-4.12.1, asyncio-1.3.0, cov-7.0.0
asyncio: mode=Mode.AUTO, debug=False, asyncio_default_fixture_loop_scope=function, asyncio_default_test_loop_scope=function
collecting ... collected 20 items

tests/test_helpers_coverage.py::TestHelpersCoverage::test_generate_selector 
------------------------------- live log setup --------------------------------
2026-03-12 06:38:00 [    INFO] Redis cache initialized (cache.py:40)
2026-03-12 06:38:00 [    INFO] Starting AccessLens API... (main.py:34)
2026-03-12 06:38:01 [    INFO] Browser initialized successfully (browser_manager.py:59)
2026-03-12 06:38:01 [    INFO] Browser manager initialized (main.py:38)
2026-03-12 06:38:01 [    INFO] Rate limiter cleanup task started (rate_limit.py:52)
2026-03-12 06:38:01 [    INFO] Rate limiter initialized (main.py:42)
2026-03-12 06:38:01 [    INFO] Registered 3 engines (main.py:52)
PASSED                                                                   [  5%]
------------------------------ live log teardown ------------------------------
2026-03-12 06:38:01 [    INFO] Shutting down AccessLens API... (main.py:57)
2026-03-12 06:38:01 [    INFO] Browser closed (browser_manager.py:117)
2026-03-12 06:38:01 [    INFO] Rate limiter cleanup task stopped (rate_limit.py:173)
2026-03-12 06:38:01 [    INFO] Cleanup complete (main.py:60)

tests/test_helpers_coverage.py::TestHelpersCoverage::test_extract_domain 
------------------------------- live log setup --------------------------------
2026-03-12 06:38:01 [    INFO] Redis cache initialized (cache.py:40)
2026-03-12 06:38:01 [    INFO] Starting AccessLens API... (main.py:34)
2026-03-12 06:38:03 [    INFO] Browser initialized successfully (browser_manager.py:59)
2026-03-12 06:38:03 [    INFO] Browser manager initialized (main.py:38)
2026-03-12 06:38:03 [    INFO] Rate limiter initialized (main.py:42)
2026-03-12 06:38:03 [    INFO] Registered 3 engines (main.py:52)
PASSED                                                                   [ 10%]
------------------------------ live log teardown ------------------------------
2026-03-12 06:38:03 [    INFO] Shutting down AccessLens API... (main.py:57)
2026-03-12 06:38:03 [    INFO] Browser closed (browser_manager.py:117)
2026-03-12 06:38:03 [    INFO] Rate limiter cleanup task stopped (rate_limit.py:173)
2026-03-12 06:38:03 [    INFO] Cleanup complete (main.py:60)

tests/test_helpers_coverage.py::TestHelpersCoverage::test_normalize_url 
------------------------------- live log setup --------------------------------
2026-03-12 06:38:03 [    INFO] Redis cache initialized (cache.py:40)
2026-03-12 06:38:03 [    INFO] Starting AccessLens API... (main.py:34)
2026-03-12 06:38:05 [    INFO] Browser initialized successfully (browser_manager.py:59)
2026-03-12 06:38:05 [    INFO] Browser manager initialized (main.py:38)
2026-03-12 06:38:05 [    INFO] Rate limiter initialized (main.py:42)
2026-03-12 06:38:05 [    INFO] Registered 3 engines (main.py:52)
PASSED                                                                   [ 15%]
------------------------------ live log teardown ------------------------------
2026-03-12 06:38:05 [    INFO] Shutting down AccessLens API... (main.py:57)
2026-03-12 06:38:05 [    INFO] Browser closed (browser_manager.py:117)
2026-03-12 06:38:05 [    INFO] Rate limiter cleanup task stopped (rate_limit.py:173)
2026-03-12 06:38:05 [    INFO] Cleanup complete (main.py:60)

tests/test_helpers_coverage.py::TestHelpersCoverage::test_format_duration 
------------------------------- live log setup --------------------------------
2026-03-12 06:38:05 [    INFO] Redis cache initialized (cache.py:40)
2026-03-12 06:38:05 [    INFO] Starting AccessLens API... (main.py:34)
2026-03-12 06:38:07 [    INFO] Browser initialized successfully (browser_manager.py:59)
2026-03-12 06:38:07 [    INFO] Browser manager initialized (main.py:38)
2026-03-12 06:38:07 [    INFO] Rate limiter initialized (main.py:42)
2026-03-12 06:38:07 [    INFO] Registered 3 engines (main.py:52)
PASSED                                                                   [ 20%]
------------------------------ live log teardown ------------------------------
2026-03-12 06:38:07 [    INFO] Shutting down AccessLens API... (main.py:57)
2026-03-12 06:38:08 [    INFO] Browser closed (browser_manager.py:117)
2026-03-12 06:38:08 [    INFO] Rate limiter cleanup task stopped (rate_limit.py:173)
2026-03-12 06:38:08 [    INFO] Cleanup complete (main.py:60)

tests/test_helpers_coverage.py::TestHelpersCoverage::test_truncate_text 
------------------------------- live log setup --------------------------------
2026-03-12 06:38:08 [    INFO] Redis cache initialized (cache.py:40)
2026-03-12 06:38:08 [    INFO] Starting AccessLens API... (main.py:34)
2026-03-12 06:38:10 [    INFO] Browser initialized successfully (browser_manager.py:59)
2026-03-12 06:38:10 [    INFO] Browser manager initialized (main.py:38)
2026-03-12 06:38:10 [    INFO] Rate limiter initialized (main.py:42)
2026-03-12 06:38:10 [    INFO] Registered 3 engines (main.py:52)
FAILED                                                                   [ 25%]
------------------------------ live log teardown ------------------------------
2026-03-12 06:38:10 [    INFO] Shutting down AccessLens API... (main.py:57)
2026-03-12 06:38:10 [    INFO] Browser closed (browser_manager.py:117)
2026-03-12 06:38:10 [    INFO] Rate limiter cleanup task stopped (rate_limit.py:173)
2026-03-12 06:38:10 [    INFO] Cleanup complete (main.py:60)

tests/test_helpers_coverage.py::TestHelpersCoverage::test_safe_json_parse 
------------------------------- live log setup --------------------------------
2026-03-12 06:38:10 [    INFO] Redis cache initialized (cache.py:40)
2026-03-12 06:38:10 [    INFO] Starting AccessLens API... (main.py:34)
2026-03-12 06:38:13 [    INFO] Browser initialized successfully (browser_manager.py:59)
2026-03-12 06:38:13 [    INFO] Browser manager initialized (main.py:38)
2026-03-12 06:38:13 [    INFO] Rate limiter initialized (main.py:42)
2026-03-12 06:38:13 [    INFO] Registered 3 engines (main.py:52)
PASSED                                                                   [ 30%]
------------------------------ live log teardown ------------------------------
2026-03-12 06:38:13 [    INFO] Shutting down AccessLens API... (main.py:57)
2026-03-12 06:38:13 [    INFO] Browser closed (browser_manager.py:117)
2026-03-12 06:38:13 [    INFO] Rate limiter cleanup task stopped (rate_limit.py:173)
2026-03-12 06:38:13 [    INFO] Cleanup complete (main.py:60)

tests/test_helpers_coverage.py::TestHelpersCoverage::test_merge_dicts 
------------------------------- live log setup --------------------------------
2026-03-12 06:38:13 [    INFO] Redis cache initialized (cache.py:40)
2026-03-12 06:38:13 [    INFO] Starting AccessLens API... (main.py:34)
2026-03-12 06:38:16 [    INFO] Browser initialized successfully (browser_manager.py:59)
2026-03-12 06:38:16 [    INFO] Browser manager initialized (main.py:38)
2026-03-12 06:38:16 [    INFO] Rate limiter initialized (main.py:42)
2026-03-12 06:38:16 [    INFO] Registered 3 engines (main.py:52)
PASSED                                                                   [ 35%]
------------------------------ live log teardown ------------------------------
2026-03-12 06:38:16 [    INFO] Shutting down AccessLens API... (main.py:57)
2026-03-12 06:38:17 [    INFO] Browser closed (browser_manager.py:117)
2026-03-12 06:38:17 [    INFO] Rate limiter cleanup task stopped (rate_limit.py:173)
2026-03-12 06:38:17 [    INFO] Cleanup complete (main.py:60)

tests/test_helpers_coverage.py::TestHelpersCoverage::test_chunk_list 
------------------------------- live log setup --------------------------------
2026-03-12 06:38:17 [    INFO] Redis cache initialized (cache.py:40)
2026-03-12 06:38:17 [    INFO] Starting AccessLens API... (main.py:34)
2026-03-12 06:38:20 [    INFO] Browser initialized successfully (browser_manager.py:59)
2026-03-12 06:38:20 [    INFO] Browser manager initialized (main.py:38)
2026-03-12 06:38:20 [    INFO] Rate limiter initialized (main.py:42)
2026-03-12 06:38:20 [    INFO] Registered 3 engines (main.py:52)
PASSED                                                                   [ 40%]
------------------------------ live log teardown ------------------------------
2026-03-12 06:38:20 [    INFO] Shutting down AccessLens API... (main.py:57)
2026-03-12 06:38:20 [    INFO] Browser closed (browser_manager.py:117)
2026-03-12 06:38:20 [    INFO] Rate limiter cleanup task stopped (rate_limit.py:173)
2026-03-12 06:38:20 [    INFO] Cleanup complete (main.py:60)

tests/test_helpers_coverage.py::TestHelpersCoverage::test_timer 
------------------------------- live log setup --------------------------------
2026-03-12 06:38:20 [    INFO] Redis cache initialized (cache.py:40)
2026-03-12 06:38:20 [    INFO] Starting AccessLens API... (main.py:34)
2026-03-12 06:38:23 [    INFO] Browser initialized successfully (browser_manager.py:59)
2026-03-12 06:38:23 [    INFO] Browser manager initialized (main.py:38)
2026-03-12 06:38:23 [    INFO] Rate limiter initialized (main.py:42)
2026-03-12 06:38:23 [    INFO] Registered 3 engines (main.py:52)
PASSED                                                                   [ 45%]
------------------------------ live log teardown ------------------------------
2026-03-12 06:38:23 [    INFO] Shutting down AccessLens API... (main.py:57)
2026-03-12 06:38:24 [    INFO] Browser closed (browser_manager.py:117)
2026-03-12 06:38:24 [    INFO] Rate limiter cleanup task stopped (rate_limit.py:173)
2026-03-12 06:38:24 [    INFO] Cleanup complete (main.py:60)

tests/test_helpers_coverage.py::TestHelpersCoverage::test_is_valid_email 
------------------------------- live log setup --------------------------------
2026-03-12 06:38:24 [    INFO] Redis cache initialized (cache.py:40)
2026-03-12 06:38:24 [    INFO] Starting AccessLens API... (main.py:34)
2026-03-12 06:38:28 [    INFO] Browser initialized successfully (browser_manager.py:59)
2026-03-12 06:38:28 [    INFO] Browser manager initialized (main.py:38)
2026-03-12 06:38:28 [    INFO] Rate limiter initialized (main.py:42)
2026-03-12 06:38:28 [    INFO] Registered 3 engines (main.py:52)
PASSED                                                                   [ 50%]
------------------------------ live log teardown ------------------------------
2026-03-12 06:38:28 [    INFO] Shutting down AccessLens API... (main.py:57)
2026-03-12 06:38:28 [    INFO] Browser closed (browser_manager.py:117)
2026-03-12 06:38:28 [    INFO] Rate limiter cleanup task stopped (rate_limit.py:173)
2026-03-12 06:38:28 [    INFO] Cleanup complete (main.py:60)

tests/test_helpers_coverage.py::TestHelpersCoverage::test_sanitize_filename 
------------------------------- live log setup --------------------------------
2026-03-12 06:38:28 [    INFO] Redis cache initialized (cache.py:40)
2026-03-12 06:38:28 [    INFO] Starting AccessLens API... (main.py:34)
2026-03-12 06:38:31 [    INFO] Browser initialized successfully (browser_manager.py:59)
2026-03-12 06:38:31 [    INFO] Browser manager initialized (main.py:38)
2026-03-12 06:38:31 [    INFO] Rate limiter initialized (main.py:42)
2026-03-12 06:38:31 [    INFO] Registered 3 engines (main.py:52)
PASSED                                                                   [ 55%]
------------------------------ live log teardown ------------------------------
2026-03-12 06:38:31 [    INFO] Shutting down AccessLens API... (main.py:57)
2026-03-12 06:38:32 [    INFO] Browser closed (browser_manager.py:117)
2026-03-12 06:38:32 [    INFO] Rate limiter cleanup task stopped (rate_limit.py:173)
2026-03-12 06:38:32 [    INFO] Cleanup complete (main.py:60)

tests/test_helpers_coverage.py::TestHelpersCoverage::test_generate_hash 
------------------------------- live log setup --------------------------------
2026-03-12 06:38:32 [    INFO] Redis cache initialized (cache.py:40)
2026-03-12 06:38:32 [    INFO] Starting AccessLens API... (main.py:34)
2026-03-12 06:38:35 [    INFO] Browser initialized successfully (browser_manager.py:59)
2026-03-12 06:38:35 [    INFO] Browser manager initialized (main.py:38)
2026-03-12 06:38:35 [    INFO] Rate limiter initialized (main.py:42)
2026-03-12 06:38:35 [    INFO] Registered 3 engines (main.py:52)
PASSED                                                                   [ 60%]
------------------------------ live log teardown ------------------------------
2026-03-12 06:38:35 [    INFO] Shutting down AccessLens API... (main.py:57)
2026-03-12 06:38:36 [    INFO] Browser closed (browser_manager.py:117)
2026-03-12 06:38:36 [    INFO] Rate limiter cleanup task stopped (rate_limit.py:173)
2026-03-12 06:38:36 [    INFO] Cleanup complete (main.py:60)

tests/test_helpers_coverage.py::TestHelpersCoverage::test_extract_element_path 
------------------------------- live log setup --------------------------------
2026-03-12 06:38:36 [    INFO] Redis cache initialized (cache.py:40)
2026-03-12 06:38:36 [    INFO] Starting AccessLens API... (main.py:34)
2026-03-12 06:38:39 [    INFO] Browser initialized successfully (browser_manager.py:59)
2026-03-12 06:38:39 [    INFO] Browser manager initialized (main.py:38)
2026-03-12 06:38:39 [    INFO] Rate limiter initialized (main.py:42)
2026-03-12 06:38:39 [    INFO] Registered 3 engines (main.py:52)
PASSED                                                                   [ 65%]
------------------------------ live log teardown ------------------------------
2026-03-12 06:38:39 [    INFO] Shutting down AccessLens API... (main.py:57)
2026-03-12 06:38:39 [    INFO] Browser closed (browser_manager.py:117)
2026-03-12 06:38:39 [    INFO] Rate limiter cleanup task stopped (rate_limit.py:173)
2026-03-12 06:38:39 [    INFO] Cleanup complete (main.py:60)

tests/test_color_utils_more.py::TestColorUtilsCoverage::test_color_parser_named_colors 
------------------------------- live log setup --------------------------------
2026-03-12 06:38:39 [    INFO] Redis cache initialized (cache.py:40)
2026-03-12 06:38:39 [    INFO] Starting AccessLens API... (main.py:34)
2026-03-12 06:38:41 [    INFO] Browser initialized successfully (browser_manager.py:59)
2026-03-12 06:38:41 [    INFO] Browser manager initialized (main.py:38)
2026-03-12 06:38:41 [    INFO] Rate limiter initialized (main.py:42)
2026-03-12 06:38:41 [    INFO] Registered 3 engines (main.py:52)
PASSED                                                                   [ 70%]
------------------------------ live log teardown ------------------------------
2026-03-12 06:38:41 [    INFO] Shutting down AccessLens API... (main.py:57)
2026-03-12 06:38:41 [    INFO] Browser closed (browser_manager.py:117)
2026-03-12 06:38:41 [    INFO] Rate limiter cleanup task stopped (rate_limit.py:173)
2026-03-12 06:38:41 [    INFO] Cleanup complete (main.py:60)

tests/test_color_utils_more.py::TestColorUtilsCoverage::test_color_parser_invalid 
------------------------------- live log setup --------------------------------
2026-03-12 06:38:41 [    INFO] Redis cache initialized (cache.py:40)
2026-03-12 06:38:41 [    INFO] Starting AccessLens API... (main.py:34)
2026-03-12 06:38:44 [    INFO] Browser initialized successfully (browser_manager.py:59)
2026-03-12 06:38:44 [    INFO] Browser manager initialized (main.py:38)
2026-03-12 06:38:44 [    INFO] Rate limiter initialized (main.py:42)
2026-03-12 06:38:44 [    INFO] Registered 3 engines (main.py:52)
PASSED                                                                   [ 75%]
------------------------------ live log teardown ------------------------------
2026-03-12 06:38:44 [    INFO] Shutting down AccessLens API... (main.py:57)
2026-03-12 06:38:45 [    INFO] Browser closed (browser_manager.py:117)
2026-03-12 06:38:45 [    INFO] Rate limiter cleanup task stopped (rate_limit.py:173)
2026-03-12 06:38:45 [    INFO] Cleanup complete (main.py:60)

tests/test_color_utils_more.py::TestColorUtilsCoverage::test_color_parser_hex_edge_cases 
------------------------------- live log setup --------------------------------
2026-03-12 06:38:45 [    INFO] Redis cache initialized (cache.py:40)
2026-03-12 06:38:45 [    INFO] Starting AccessLens API... (main.py:34)
2026-03-12 06:38:48 [    INFO] Browser initialized successfully (browser_manager.py:59)
2026-03-12 06:38:48 [    INFO] Browser manager initialized (main.py:38)
2026-03-12 06:38:48 [    INFO] Rate limiter initialized (main.py:42)
2026-03-12 06:38:48 [    INFO] Registered 3 engines (main.py:52)
PASSED                                                                   [ 80%]
------------------------------ live log teardown ------------------------------
2026-03-12 06:38:48 [    INFO] Shutting down AccessLens API... (main.py:57)
2026-03-12 06:38:48 [    INFO] Browser closed (browser_manager.py:117)
2026-03-12 06:38:48 [    INFO] Rate limiter cleanup task stopped (rate_limit.py:173)
2026-03-12 06:38:48 [    INFO] Cleanup complete (main.py:60)

tests/test_color_utils_more.py::TestColorUtilsCoverage::test_color_parser_rgb_edge_cases 
------------------------------- live log setup --------------------------------
2026-03-12 06:38:48 [    INFO] Redis cache initialized (cache.py:40)
2026-03-12 06:38:48 [    INFO] Starting AccessLens API... (main.py:34)
2026-03-12 06:38:51 [    INFO] Browser initialized successfully (browser_manager.py:59)
2026-03-12 06:38:51 [    INFO] Browser manager initialized (main.py:38)
2026-03-12 06:38:51 [    INFO] Rate limiter initialized (main.py:42)
2026-03-12 06:38:51 [    INFO] Registered 3 engines (main.py:52)
PASSED                                                                   [ 85%]
------------------------------ live log teardown ------------------------------
2026-03-12 06:38:51 [    INFO] Shutting down AccessLens API... (main.py:57)
2026-03-12 06:38:51 [    INFO] Browser closed (browser_manager.py:117)
2026-03-12 06:38:51 [    INFO] Rate limiter cleanup task stopped (rate_limit.py:173)
2026-03-12 06:38:51 [    INFO] Cleanup complete (main.py:60)

tests/test_color_utils_more.py::TestColorUtilsCoverage::test_contrast_calculator_edge_cases 
------------------------------- live log setup --------------------------------
2026-03-12 06:38:51 [    INFO] Redis cache initialized (cache.py:40)
2026-03-12 06:38:51 [    INFO] Starting AccessLens API... (main.py:34)
2026-03-12 06:38:53 [    INFO] Browser initialized successfully (browser_manager.py:59)
2026-03-12 06:38:53 [    INFO] Browser manager initialized (main.py:38)
2026-03-12 06:38:53 [    INFO] Rate limiter initialized (main.py:42)
2026-03-12 06:38:53 [    INFO] Registered 3 engines (main.py:52)
PASSED                                                                   [ 90%]
------------------------------ live log teardown ------------------------------
2026-03-12 06:38:53 [    INFO] Shutting down AccessLens API... (main.py:57)
2026-03-12 06:38:54 [    INFO] Browser closed (browser_manager.py:117)
2026-03-12 06:38:54 [    INFO] Rate limiter cleanup task stopped (rate_limit.py:173)
2026-03-12 06:38:54 [    INFO] Cleanup complete (main.py:60)

tests/test_engines_edge.py::TestEngineEdgeCases::test_base_engine 
------------------------------- live log setup --------------------------------
2026-03-12 06:38:54 [    INFO] Redis cache initialized (cache.py:40)
2026-03-12 06:38:54 [    INFO] Starting AccessLens API... (main.py:34)
2026-03-12 06:38:56 [    INFO] Browser initialized successfully (browser_manager.py:59)
2026-03-12 06:38:56 [    INFO] Browser manager initialized (main.py:38)
2026-03-12 06:38:56 [    INFO] Rate limiter initialized (main.py:42)
2026-03-12 06:38:56 [    INFO] Registered 3 engines (main.py:52)
PASSED                                                                   [ 95%]
------------------------------ live log teardown ------------------------------
2026-03-12 06:38:56 [    INFO] Shutting down AccessLens API... (main.py:57)
2026-03-12 06:38:56 [    INFO] Browser closed (browser_manager.py:117)
2026-03-12 06:38:56 [    INFO] Rate limiter cleanup task stopped (rate_limit.py:173)
2026-03-12 06:38:56 [    INFO] Cleanup complete (main.py:60)

tests/test_engines_edge.py::TestEngineEdgeCases::test_engine_registry 
------------------------------- live log setup --------------------------------
2026-03-12 06:38:56 [    INFO] Redis cache initialized (cache.py:40)
2026-03-12 06:38:56 [    INFO] Starting AccessLens API... (main.py:34)
2026-03-12 06:38:58 [    INFO] Browser initialized successfully (browser_manager.py:59)
2026-03-12 06:38:58 [    INFO] Browser manager initialized (main.py:38)
2026-03-12 06:38:58 [    INFO] Rate limiter initialized (main.py:42)
2026-03-12 06:38:58 [    INFO] Registered 3 engines (main.py:52)
PASSED                                                                   [100%]
------------------------------ live log teardown ------------------------------
2026-03-12 06:38:58 [    INFO] Shutting down AccessLens API... (main.py:57)
2026-03-12 06:38:58 [    INFO] Browser closed (browser_manager.py:117)
2026-03-12 06:38:58 [    INFO] Rate limiter cleanup task stopped (rate_limit.py:173)
2026-03-12 06:38:58 [    INFO] Cleanup complete (main.py:60)

ERROR: Coverage failure: total of 37 is less than fail-under=70


================================== FAILURES ===================================
___________________ TestHelpersCoverage.test_truncate_text ____________________
tests\test_helpers_coverage.py:43: in test_truncate_text
    assert truncate_text("very long text that needs truncation", 10) == "very l..."
E   AssertionError: assert 'very lo...' == 'very l...'
E     
E     - very l...
E     + very lo...
E     ?       +
---------------------------- Captured stdout setup ----------------------------
{"timestamp": "2026-03-12T01:08:08.092901", "level": "INFO", "logger": "app.utils.cache", "module": "cache", "function": "initialize", "line": 40, "message": "Redis cache initialized"}
{"timestamp": "2026-03-12T01:08:08.102816", "level": "INFO", "logger": "app.main", "module": "main", "function": "lifespan", "line": 34, "message": "Starting AccessLens API..."}
{"timestamp": "2026-03-12T01:08:10.457624", "level": "INFO", "logger": "app.core.browser_manager", "module": "browser_manager", "function": "initialize", "line": 59, "message": "Browser initialized successfully"}
{"timestamp": "2026-03-12T01:08:10.458676", "level": "INFO", "logger": "app.main", "module": "main", "function": "lifespan", "line": 38, "message": "Browser manager initialized"}
{"timestamp": "2026-03-12T01:08:10.459497", "level": "INFO", "logger": "app.main", "module": "main", "function": "lifespan", "line": 42, "message": "Rate limiter initialized"}
{"timestamp": "2026-03-12T01:08:10.460339", "level": "INFO", "logger": "app.main", "module": "main", "function": "lifespan", "line": 52, "message": "Registered 3 engines"}
----------------------------- Captured log setup ------------------------------
INFO     app.utils.cache:cache.py:40 Redis cache initialized
INFO     app.main:main.py:34 Starting AccessLens API...
INFO     app.core.browser_manager:browser_manager.py:59 Browser initialized successfully
INFO     app.main:main.py:38 Browser manager initialized
INFO     app.main:main.py:42 Rate limiter initialized
INFO     app.main:main.py:52 Registered 3 engines
-------------------------- Captured stdout teardown ---------------------------
{"timestamp": "2026-03-12T01:08:10.502327", "level": "INFO", "logger": "app.main", "module": "main", "function": "lifespan", "line": 57, "message": "Shutting down AccessLens API..."}
{"timestamp": "2026-03-12T01:08:10.872437", "level": "INFO", "logger": "app.core.browser_manager", "module": "browser_manager", "function": "close", "line": 117, "message": "Browser closed"}
{"timestamp": "2026-03-12T01:08:10.873669", "level": "INFO", "logger": "app.middleware.rate_limit", "module": "rate_limit", "function": "shutdown", "line": 173, "message": "Rate limiter cleanup task stopped"}
{"timestamp": "2026-03-12T01:08:10.874696", "level": "INFO", "logger": "app.main", "module": "main", "function": "lifespan", "line": 60, "message": "Cleanup complete"}
---------------------------- Captured log teardown ----------------------------
INFO     app.main:main.py:57 Shutting down AccessLens API...
INFO     app.core.browser_manager:browser_manager.py:117 Browser closed
INFO     app.middleware.rate_limit:rate_limit.py:173 Rate limiter cleanup task stopped
INFO     app.main:main.py:60 Cleanup complete
=============================== tests coverage ================================
_______________ coverage: platform win32, python 3.13.5-final-0 _______________

Name                                            Stmts   Miss  Cover   Missing
-----------------------------------------------------------------------------
app\ai\__init__.py                                  5      0   100%
app\ai\ai_service.py                              121     91    25%   28-29, 38-59, 67-90, 99-122, 129, 139-144, 152-171, 178-198, 203-204, 209-210, 214-271, 280, 289-296, 300-310
app\ai\llava_integration.py                        45     33    27%   12-16, 19-21, 24-31, 34-42, 50-69
app\ai\mistral_integration.py                      55     42    24%   11-16, 19-21, 24-31, 34-40, 48-57, 60-85
app\api\__init__.py                                 3      0   100%
app\api\routes.py                                  75     40    47%   54-84, 93-96, 101-106, 115-116, 129, 137-163
app\core\__init__.py                               13      0   100%
app\core\accessibility_tree.py                    143    121    15%   12, 16-64, 68-86, 90-116, 120-143, 147-150, 154-173, 177-192, 196-213, 217-241, 245-273, 277-302, 306-340, 344-359, 363-383, 387-388
app\core\audit_orchestrator.py                     88     68    23%   23-26, 30-84, 88-110, 119-126, 136, 144-189, 201
app\core\browser_manager.py                        78     32    59%   27, 37, 60-62, 65-87, 91-98, 102-106
app\core\color_utils.py                           112     37    67%   16, 20, 59, 62, 98, 103-132, 175-187, 202-207, 210, 214
app\core\config.py                                 59      2    97%   38, 57
app\core\heading_analyzer.py                       30     27    10%   8-94
app\core\landmark_validator.py                    143    109    24%   20-21, 51-93, 103-116, 120, 136-153, 157-191, 195-242, 246-277, 281-302, 307-315, 319-325, 333-337, 342-365, 369-396
app\core\logging_config.py                         34      9    74%   25, 28, 49, 58-72
app\core\page_controller.py                       102     83    19%   16-18, 26-68, 73-88, 92-117, 121-134, 138-148, 152-165, 169-171, 175-183
app\core\rate_limiter.py                            3      0   100%
app\core\report_storage.py                        171    146    15%   21-40, 44-114, 118-185, 190-224, 230-271, 291-347, 352-368, 372-405, 414, 422-447, 451-453
app\core\scoring.py                                25     14    44%   15-52, 57-62, 98-106
app\engines\__init__.py                            11      2    82%   11-12
app\engines\accessibility_structure_engine.py      25     25     0%   1-62
app\engines\ai_engine.py                          148    122    18%   29-35, 38-47, 50-72, 75-87, 103-112, 124-141, 151-161, 164-165, 168-169, 172-190, 193, 196-235, 238-244, 247-250, 253, 256-259
app\engines\base.py                                22      4    82%   22, 27, 35, 39
app\engines\contrast_engine.py                    139    112    19%   32-52, 59-139, 142-196, 203-217, 237-245, 264-284, 291-337, 340-361, 364-365, 384-391, 394-408, 411
app\engines\registry.py                            66     34    48%   16, 37, 44, 48, 60-61, 69-76, 80-90, 94-100, 108, 112
app\engines\structural_engine.py                  177    143    19%   34-63, 70-111, 117-153, 156-181, 184-185, 188-195, 198-226, 229-230, 233-241, 248-262, 269-277, 284-292, 295-298, 314-315, 318-320, 336-339, 355
app\engines\wcag_engine.py                         74     52    30%   41-71, 77-122, 153-158, 162-168, 172-177
app\middleware\__init__.py                          3      0   100%
app\middleware\rate_limit.py                      111     70    37%   59, 62-63, 67-75, 79-100, 105-115, 119-164, 171-172, 184-214
app\models\__init__.py                              3      0   100%
app\models\schemas.py                             103      8    92%   106-113
app\services\__init__.py                            0      0   100%
app\services\tree_extractor.py                     26     26     0%   1-49
app\utils\__init__.py                               3      0   100%
app\utils\cache.py                                 57     21    63%   41-42, 48-64, 68-78
app\utils\helpers.py                               97      7    93%   49-50, 72-73, 212, 217, 220
app\utils\tree_traversal.py                         6      6     0%   1-8
app\utils\validators.py                            27     20    26%   12-37, 42
-----------------------------------------------------------------------------
TOTAL                                            2403   1506    37%
FAIL Required test coverage of 70% not reached. Total coverage: 37.33%
=========================== short test summary info ===========================
FAILED tests/test_helpers_coverage.py::TestHelpersCoverage::test_truncate_text
================= 1 failed, 19 passed, 205 warnings in 59.86s =================
